// Vitest Snapshot v1, https://vitest.dev/guide/snapshot.html

exports[`Ybutton > mount component 1`] = `
"<button class=\\"y-btn\\">
  <!---->
  <!---->
</button>"
`;

exports[`footer > mount component 1`] = `
"<div>
  <!---->
</div>"
`;

exports[`mount component 1`] = `
"<div>
  <!---->
</div>"
`;
